#
# There is insufficient memory for the Java Runtime Environment to continue.
# Native memory allocation (malloc) failed to allocate 1103256 bytes. Error detail: Chunk::new
# Possible reasons:
#   The system is out of physical RAM or swap space
#   This process is running with CompressedOops enabled, and the Java Heap may be blocking the growth of the native heap
# Possible solutions:
#   Reduce memory load on the system
#   Increase physical memory or swap space
#   Check if swap backing store is full
#   Decrease Java heap size (-Xmx/-Xms)
#   Decrease number of Java threads
#   Decrease Java thread stack sizes (-Xss)
#   Set larger code cache with -XX:ReservedCodeCacheSize=
#   JVM is running with Unscaled Compressed Oops mode in which the Java heap is
#     placed in the first 4GB address space. The Java Heap base address is the
#     maximum limit for the native heap growth. Please use -XX:HeapBaseMinAddress
#     to set the Java Heap base and to place the Java Heap above 4GB virtual address.
# This output file may be truncated or incomplete.
#
#  Out of Memory Error (arena.cpp:186), pid=27092, tid=45640
#
# JRE version: OpenJDK Runtime Environment (25.0.2) (build 25.0.2+-15348964-b329.117)
# Java VM: OpenJDK 64-Bit Server VM (25.0.2+-15348964-b329.117, mixed mode, tiered, compressed oops, compressed class ptrs, g1 gc, windows-amd64)
# No core dump will be written. Minidumps are not enabled by default on client versions of Windows
#

---------------  S U M M A R Y ------------

Command Line: -Xmx64m -Xms64m -Dorg.gradle.appname=gradlew org.gradle.wrapper.GradleWrapperMain --stop

Host: Intel(R) Core(TM) Ultra 9 285, 24 cores, 31G,  Windows 11 , 64 bit Build 26100 (10.0.26100.9168)
Time: Mon Aug 31 15:11:02 2026 Eastern Daylight Time elapsed time: 1.861690 seconds (0d 0h 0m 1s)

---------------  T H R E A D  ---------------

Current thread (0x00000277961a0f90):  JavaThread "C2 CompilerThread1" daemon [_thread_in_native, id=45640, stack(0x000000d827400000,0x000000d827500000) (1024K)]


Current CompileTask:
C2:1861 1528 % !   4       java.util.concurrent.ConcurrentHashMap::transfer @ 96 (849 bytes)

Stack: [0x000000d827400000,0x000000d827500000]
Native frames: (J=compiled Java code, j=interpreted, Vv=VM code, C=native code)
V  [jvm.dll+0x7bd439]  (no source info available)
V  [jvm.dll+0x78763d]  (no source info available)
V  [jvm.dll+0xa0c885]  (no source info available)
V  [jvm.dll+0xa0ef04]  (no source info available)
V  [jvm.dll+0xa0f603]  (no source info available)
V  [jvm.dll+0x309bf6]  (no source info available)
V  [jvm.dll+0x10ea69]  (no source info available)
V  [jvm.dll+0x10ed92]  (no source info available)
V  [jvm.dll+0x1a9837]  (no source info available)
V  [jvm.dll+0x3bec92]  (no source info available)
V  [jvm.dll+0x7c2cb7]  (no source info available)
V  [jvm.dll+0x2ce046]  (no source info available)
V  [jvm.dll+0x2cd221]  (no source info available)
V  [jvm.dll+0x242ffa]  (no source info available)
V  [jvm.dll+0x2dcc05]  (no source info available)
V  [jvm.dll+0x2dae06]  (no source info available)
V  [jvm.dll+0x49b59e]  (no source info available)
V  [jvm.dll+0x9ab9c8]  (no source info available)
V  [jvm.dll+0x7bb985]  (no source info available)
C  [ucrtbase.dll+0x2cd30]  (no source info available)
C  [KERNEL32.DLL+0x2ccb7]  (no source info available)
C  [ntdll.dll+0xaad6c]  (no source info available)

Lock stack of current Java thread (top to bottom):


---------------  P R O C E S S  ---------------

Threads class SMR info:
_java_thread_list=0x000002779b397780, length=16, elements={
0x00000277fd268640, 0x0000027795f31a20, 0x0000027795f349b0, 0x0000027795f53f10,
0x0000027795f65a30, 0x0000027795f67350, 0x0000027795f67f10, 0x0000027795f73410,
0x0000027795f72130, 0x0000027795f99eb0, 0x000002779619e740, 0x0000027796284da0,
0x000002779619ef50, 0x00000277961a0f90, 0x000002779b8c19f0, 0x000002779b7779c0
}

Java Threads: ( => current thread )
  0x00000277fd268640 JavaThread "main"                              [_thread_in_native, id=14940, stack(0x000000d825f00000,0x000000d826000000) (1024K)]
  0x0000027795f31a20 JavaThread "Common-Cleaner"             daemon [_thread_blocked, id=40532, stack(0x000000d826700000,0x000000d826800000) (1024K)]
  0x0000027795f349b0 JavaThread "Reference Handler"          daemon [_thread_blocked, id=19664, stack(0x000000d826800000,0x000000d826900000) (1024K)]
  0x0000027795f53f10 JavaThread "Finalizer"                  daemon [_thread_blocked, id=33644, stack(0x000000d826900000,0x000000d826a00000) (1024K)]
  0x0000027795f65a30 JavaThread "Signal Dispatcher"          daemon [_thread_blocked, id=8320, stack(0x000000d826a00000,0x000000d826b00000) (1024K)]
  0x0000027795f67350 JavaThread "Attach Listener"            daemon [_thread_blocked, id=32796, stack(0x000000d826b00000,0x000000d826c00000) (1024K)]
  0x0000027795f67f10 JavaThread "Service Thread"             daemon [_thread_blocked, id=31236, stack(0x000000d826c00000,0x000000d826d00000) (1024K)]
  0x0000027795f73410 JavaThread "Monitor Deflation Thread"   daemon [_thread_blocked, id=15172, stack(0x000000d826d00000,0x000000d826e00000) (1024K)]
  0x0000027795f72130 JavaThread "C2 CompilerThread0"         daemon [_thread_blocked, id=36672, stack(0x000000d826e00000,0x000000d826f00000) (1024K)]
  0x0000027795f99eb0 JavaThread "C1 CompilerThread0"         daemon [_thread_blocked, id=17120, stack(0x000000d826f00000,0x000000d827000000) (1024K)]
  0x000002779619e740 JavaThread "C1 CompilerThread1"         daemon [_thread_blocked, id=43568, stack(0x000000d827000000,0x000000d827100000) (1024K)]
  0x0000027796284da0 JavaThread "Notification Thread"        daemon [_thread_blocked, id=228, stack(0x000000d827100000,0x000000d827200000) (1024K)]
  0x000002779619ef50 JavaThread "C1 CompilerThread2"         daemon [_thread_blocked, id=23332, stack(0x000000d827200000,0x000000d827300000) (1024K)]
=>0x00000277961a0f90 JavaThread "C2 CompilerThread1"         daemon [_thread_in_native, id=45640, stack(0x000000d827400000,0x000000d827500000) (1024K)]
  0x000002779b8c19f0 JavaThread "cleanup"                    daemon [_thread_in_native, id=41264, stack(0x000000d827b00000,0x000000d827c00000) (1024K)]
  0x000002779b7779c0 JavaThread "pool-1-thread-1"                   [_thread_blocked, id=7624, stack(0x000000d827c00000,0x000000d827d00000) (1024K)]
Total: 16

Other Threads:
  0x0000027795f09d50 VMThread "VM Thread"                           [id=33576, stack(0x000000d826600000,0x000000d826700000) (1024K)]
  0x0000027795ecb780 WatcherThread "VM Periodic Task Thread"        [id=14292, stack(0x000000d826500000,0x000000d826600000) (1024K)]
  0x00000277ff6d3230 WorkerThread "GC Thread#0"                     [id=24676, stack(0x000000d826000000,0x000000d826100000) (1024K)]
  0x000002779b8f8db0 WorkerThread "GC Thread#1"                     [id=46300, stack(0x000000d827500000,0x000000d827600000) (1024K)]
  0x000002779b908ac0 WorkerThread "GC Thread#2"                     [id=27540, stack(0x000000d827600000,0x000000d827700000) (1024K)]
  0x000002779b908ef0 WorkerThread "GC Thread#3"                     [id=19872, stack(0x000000d827700000,0x000000d827800000) (1024K)]
  0x000002779b909320 WorkerThread "GC Thread#4"                     [id=25012, stack(0x000000d827800000,0x000000d827900000) (1024K)]
  0x000002779b6ef680 WorkerThread "GC Thread#5"                     [id=22356, stack(0x000000d827900000,0x000000d827a00000) (1024K)]
  0x000002779b6eede0 WorkerThread "GC Thread#6"                     [id=44240, stack(0x000000d827a00000,0x000000d827b00000) (1024K)]
  0x00000277ff6d75c0 ConcurrentGCThread "G1 Main Marker"            [id=36580, stack(0x000000d826100000,0x000000d826200000) (1024K)]
  0x00000277ff6d7f60 WorkerThread "G1 Conc#0"                       [id=4256, stack(0x000000d826200000,0x000000d826300000) (1024K)]
  0x00000277ff75ea20 ConcurrentGCThread "G1 Refine#0"               [id=7988, stack(0x000000d826300000,0x000000d826400000) (1024K)]
  0x0000027795da0de0 ConcurrentGCThread "G1 Service"                [id=33256, stack(0x000000d826400000,0x000000d826500000) (1024K)]
Total: 13

Threads with active compile tasks:
C2 CompilerThread1  1927 1528 % !   4       java.util.concurrent.ConcurrentHashMap::transfer @ 96 (849 bytes)
Total: 1

VM state: not at safepoint (normal execution)

VM Mutex/Monitor currently owned by a thread: None

Heap address: 0x00000000fc000000, size: 64 MB, Compressed Oops mode: 32-bit

CDS archive(s) not mapped
Compressed class space mapped at: 0x000000008e000000-0x00000000ce000000, reserved size: 1073741824
UseCompressedClassPointers 1, UseCompactObjectHeaders 0
Narrow klass pointer bits 32, Max shift 3
Narrow klass base: 0x0000000000000000, Narrow klass shift: 0
Encoding Range: [0x0000000000000000 - 0x0000000100000000), (4294967296 bytes)
Klass Range:    [0x000000008e000000 - 0x00000000ce000000), (1073741824 bytes)
Klass ID Range:  [2382364672 - 3456106489) (1073741817)
No protection zone.

GC Precious Log:
 CardTable entry size: 512
 Card Set container configuration: InlinePtr #cards 5 size 8 Array Of Cards #cards 10 size 36 Howl #buckets 4 coarsen threshold 1843 Howl Bitmap #cards 512 size 80 coarsen threshold 460 Card regions per heap region 1 cards per card region 2048
 CPUs: 24 total, 24 available
 Memory: 32466M
 Large Page Support: Disabled
 NUMA Support: Disabled
 Compressed Oops: Enabled (32-bit)
 Heap Region Size: 1M
 Heap Min Capacity: 64M
 Heap Initial Capacity: 64M
 Heap Max Capacity: 64M
 Pre-touch: Disabled
 Parallel Workers: 18
 Concurrent Workers: 5
 Concurrent Refinement Workers: 18
 Periodic GC: Disabled

Heap:
 garbage-first heap   total reserved 65536K, committed 65536K, used 22816K [0x00000000fc000000, 0x0000000100000000)
  region size 1024K, 17 young (17408K), 5 survivors (5120K)

Heap Regions: E=young(eden), S=young(survivor), O=old, HS=humongous(starts), HC=humongous(continues), CS=collection set, F=free, TAMS=top-at-mark-start, PB=parsable bottom
|   0|0x00000000fc000000, 0x00000000fc100000, 0x00000000fc100000|100%|HS|  |TAMS 0x00000000fc000000| PB 0x00000000fc000000| Complete |  0
|   1|0x00000000fc100000, 0x00000000fc200000, 0x00000000fc200000|100%|HC|  |TAMS 0x00000000fc100000| PB 0x00000000fc100000| Complete |  0
|   2|0x00000000fc200000, 0x00000000fc300000, 0x00000000fc300000|100%|HC|  |TAMS 0x00000000fc200000| PB 0x00000000fc200000| Complete |  0
|   3|0x00000000fc300000, 0x00000000fc400000, 0x00000000fc400000|100%|HC|  |TAMS 0x00000000fc300000| PB 0x00000000fc300000| Complete |  0
|   4|0x00000000fc400000, 0x00000000fc500000, 0x00000000fc500000|100%| O|  |TAMS 0x00000000fc400000| PB 0x00000000fc400000| Untracked |  0
|   5|0x00000000fc500000, 0x00000000fc600000, 0x00000000fc600000|100%| O|  |TAMS 0x00000000fc500000| PB 0x00000000fc500000| Untracked |  0
|   6|0x00000000fc600000, 0x00000000fc648000, 0x00000000fc700000| 28%| O|  |TAMS 0x00000000fc600000| PB 0x00000000fc600000| Untracked |  0
|   7|0x00000000fc700000, 0x00000000fc700000, 0x00000000fc800000|  0%| F|  |TAMS 0x00000000fc700000| PB 0x00000000fc700000| Untracked |  0
|   8|0x00000000fc800000, 0x00000000fc800000, 0x00000000fc900000|  0%| F|  |TAMS 0x00000000fc800000| PB 0x00000000fc800000| Untracked |  0
|   9|0x00000000fc900000, 0x00000000fc900000, 0x00000000fca00000|  0%| F|  |TAMS 0x00000000fc900000| PB 0x00000000fc900000| Untracked |  0
|  10|0x00000000fca00000, 0x00000000fca00000, 0x00000000fcb00000|  0%| F|  |TAMS 0x00000000fca00000| PB 0x00000000fca00000| Untracked |  0
|  11|0x00000000fcb00000, 0x00000000fcb00000, 0x00000000fcc00000|  0%| F|  |TAMS 0x00000000fcb00000| PB 0x00000000fcb00000| Untracked |  0
|  12|0x00000000fcc00000, 0x00000000fcc00000, 0x00000000fcd00000|  0%| F|  |TAMS 0x00000000fcc00000| PB 0x00000000fcc00000| Untracked |  0
|  13|0x00000000fcd00000, 0x00000000fcd00000, 0x00000000fce00000|  0%| F|  |TAMS 0x00000000fcd00000| PB 0x00000000fcd00000| Untracked |  0
|  14|0x00000000fce00000, 0x00000000fce00000, 0x00000000fcf00000|  0%| F|  |TAMS 0x00000000fce00000| PB 0x00000000fce00000| Untracked |  0
|  15|0x00000000fcf00000, 0x00000000fcf00000, 0x00000000fd000000|  0%| F|  |TAMS 0x00000000fcf00000| PB 0x00000000fcf00000| Untracked |  0
|  16|0x00000000fd000000, 0x00000000fd000000, 0x00000000fd100000|  0%| F|  |TAMS 0x00000000fd000000| PB 0x00000000fd000000| Untracked |  0
|  17|0x00000000fd100000, 0x00000000fd100000, 0x00000000fd200000|  0%| F|  |TAMS 0x00000000fd100000| PB 0x00000000fd100000| Untracked |  0
|  18|0x00000000fd200000, 0x00000000fd200000, 0x00000000fd300000|  0%| F|  |TAMS 0x00000000fd200000| PB 0x00000000fd200000| Untracked |  0
|  19|0x00000000fd300000, 0x00000000fd300000, 0x00000000fd400000|  0%| F|  |TAMS 0x00000000fd300000| PB 0x00000000fd300000| Untracked |  0
|  20|0x00000000fd400000, 0x00000000fd400000, 0x00000000fd500000|  0%| F|  |TAMS 0x00000000fd400000| PB 0x00000000fd400000| Untracked |  0
|  21|0x00000000fd500000, 0x00000000fd500000, 0x00000000fd600000|  0%| F|  |TAMS 0x00000000fd500000| PB 0x00000000fd500000| Untracked |  0
|  22|0x00000000fd600000, 0x00000000fd600000, 0x00000000fd700000|  0%| F|  |TAMS 0x00000000fd600000| PB 0x00000000fd600000| Untracked |  0
|  23|0x00000000fd700000, 0x00000000fd700000, 0x00000000fd800000|  0%| F|  |TAMS 0x00000000fd700000| PB 0x00000000fd700000| Untracked |  0
|  24|0x00000000fd800000, 0x00000000fd800000, 0x00000000fd900000|  0%| F|  |TAMS 0x00000000fd800000| PB 0x00000000fd800000| Untracked |  0
|  25|0x00000000fd900000, 0x00000000fda00000, 0x00000000fda00000|100%| S|CS|TAMS 0x00000000fd900000| PB 0x00000000fd900000| Complete |  0
|  26|0x00000000fda00000, 0x00000000fdb00000, 0x00000000fdb00000|100%| S|CS|TAMS 0x00000000fda00000| PB 0x00000000fda00000| Complete |  0
|  27|0x00000000fdb00000, 0x00000000fdc00000, 0x00000000fdc00000|100%| S|CS|TAMS 0x00000000fdb00000| PB 0x00000000fdb00000| Complete |  0
|  28|0x00000000fdc00000, 0x00000000fdd00000, 0x00000000fdd00000|100%| S|CS|TAMS 0x00000000fdc00000| PB 0x00000000fdc00000| Complete |  0
|  29|0x00000000fdd00000, 0x00000000fde00000, 0x00000000fde00000|100%| S|CS|TAMS 0x00000000fdd00000| PB 0x00000000fdd00000| Complete |  0
|  30|0x00000000fde00000, 0x00000000fde00000, 0x00000000fdf00000|  0%| F|  |TAMS 0x00000000fde00000| PB 0x00000000fde00000| Untracked |  0
|  31|0x00000000fdf00000, 0x00000000fdf00000, 0x00000000fe000000|  0%| F|  |TAMS 0x00000000fdf00000| PB 0x00000000fdf00000| Untracked |  0
|  32|0x00000000fe000000, 0x00000000fe000000, 0x00000000fe100000|  0%| F|  |TAMS 0x00000000fe000000| PB 0x00000000fe000000| Untracked |  0
|  33|0x00000000fe100000, 0x00000000fe100000, 0x00000000fe200000|  0%| F|  |TAMS 0x00000000fe100000| PB 0x00000000fe100000| Untracked |  0
|  34|0x00000000fe200000, 0x00000000fe200000, 0x00000000fe300000|  0%| F|  |TAMS 0x00000000fe200000| PB 0x00000000fe200000| Untracked |  0
|  35|0x00000000fe300000, 0x00000000fe300000, 0x00000000fe400000|  0%| F|  |TAMS 0x00000000fe300000| PB 0x00000000fe300000| Untracked |  0
|  36|0x00000000fe400000, 0x00000000fe400000, 0x00000000fe500000|  0%| F|  |TAMS 0x00000000fe400000| PB 0x00000000fe400000| Untracked |  0
|  37|0x00000000fe500000, 0x00000000fe500000, 0x00000000fe600000|  0%| F|  |TAMS 0x00000000fe500000| PB 0x00000000fe500000| Untracked |  0
|  38|0x00000000fe600000, 0x00000000fe600000, 0x00000000fe700000|  0%| F|  |TAMS 0x00000000fe600000| PB 0x00000000fe600000| Untracked |  0
|  39|0x00000000fe700000, 0x00000000fe700000, 0x00000000fe800000|  0%| F|  |TAMS 0x00000000fe700000| PB 0x00000000fe700000| Untracked |  0
|  40|0x00000000fe800000, 0x00000000fe800000, 0x00000000fe900000|  0%| F|  |TAMS 0x00000000fe800000| PB 0x00000000fe800000| Untracked |  0
|  41|0x00000000fe900000, 0x00000000fe900000, 0x00000000fea00000|  0%| F|  |TAMS 0x00000000fe900000| PB 0x00000000fe900000| Untracked |  0
|  42|0x00000000fea00000, 0x00000000fea00000, 0x00000000feb00000|  0%| F|  |TAMS 0x00000000fea00000| PB 0x00000000fea00000| Untracked |  0
|  43|0x00000000feb00000, 0x00000000feb00000, 0x00000000fec00000|  0%| F|  |TAMS 0x00000000feb00000| PB 0x00000000feb00000| Untracked |  0
|  44|0x00000000fec00000, 0x00000000fec00000, 0x00000000fed00000|  0%| F|  |TAMS 0x00000000fec00000| PB 0x00000000fec00000| Untracked |  0
|  45|0x00000000fed00000, 0x00000000fed00000, 0x00000000fee00000|  0%| F|  |TAMS 0x00000000fed00000| PB 0x00000000fed00000| Untracked |  0
|  46|0x00000000fee00000, 0x00000000fee00000, 0x00000000fef00000|  0%| F|  |TAMS 0x00000000fee00000| PB 0x00000000fee00000| Untracked |  0
|  47|0x00000000fef00000, 0x00000000fef00000, 0x00000000ff000000|  0%| F|  |TAMS 0x00000000fef00000| PB 0x00000000fef00000| Untracked |  0
|  48|0x00000000ff000000, 0x00000000ff000000, 0x00000000ff100000|  0%| F|  |TAMS 0x00000000ff000000| PB 0x00000000ff000000| Untracked |  0
|  49|0x00000000ff100000, 0x00000000ff100000, 0x00000000ff200000|  0%| F|  |TAMS 0x00000000ff100000| PB 0x00000000ff100000| Untracked |  0
|  50|0x00000000ff200000, 0x00000000ff200000, 0x00000000ff300000|  0%| F|  |TAMS 0x00000000ff200000| PB 0x00000000ff200000| Untracked |  0
|  51|0x00000000ff300000, 0x00000000ff300000, 0x00000000ff400000|  0%| F|  |TAMS 0x00000000ff300000| PB 0x00000000ff300000| Untracked |  0
|  52|0x00000000ff400000, 0x00000000ff49c2c8, 0x00000000ff500000| 61%| E|  |TAMS 0x00000000ff400000| PB 0x00000000ff400000| Complete |  0
|  53|0x00000000ff500000, 0x00000000ff600000, 0x00000000ff600000|100%| E|CS|TAMS 0x00000000ff500000| PB 0x00000000ff500000| Complete |  0
|  54|0x00000000ff600000, 0x00000000ff700000, 0x00000000ff700000|100%| E|CS|TAMS 0x00000000ff600000| PB 0x00000000ff600000| Complete |  0
|  55|0x00000000ff700000, 0x00000000ff800000, 0x00000000ff800000|100%| E|CS|TAMS 0x00000000ff700000| PB 0x00000000ff700000| Complete |  0
|  56|0x00000000ff800000, 0x00000000ff900000, 0x00000000ff900000|100%| E|CS|TAMS 0x00000000ff800000| PB 0x00000000ff800000| Complete |  0
|  57|0x00000000ff900000, 0x00000000ffa00000, 0x00000000ffa00000|100%| E|CS|TAMS 0x00000000ff900000| PB 0x00000000ff900000| Complete |  0
|  58|0x00000000ffa00000, 0x00000000ffb00000, 0x00000000ffb00000|100%| E|CS|TAMS 0x00000000ffa00000| PB 0x00000000ffa00000| Complete |  0
|  59|0x00000000ffb00000, 0x00000000ffc00000, 0x00000000ffc00000|100%| E|CS|TAMS 0x00000000ffb00000| PB 0x00000000ffb00000| Complete |  0
|  60|0x00000000ffc00000, 0x00000000ffd00000, 0x00000000ffd00000|100%| E|CS|TAMS 0x00000000ffc00000| PB 0x00000000ffc00000| Complete |  0
|  61|0x00000000ffd00000, 0x00000000ffe00000, 0x00000000ffe00000|100%| E|CS|TAMS 0x00000000ffd00000| PB 0x00000000ffd00000| Complete |  0
|  62|0x00000000ffe00000, 0x00000000fff00000, 0x00000000fff00000|100%| E|CS|TAMS 0x00000000ffe00000| PB 0x00000000ffe00000| Complete |  0
|  63|0x00000000fff00000, 0x0000000100000000, 0x0000000100000000|100%| E|CS|TAMS 0x00000000fff00000| PB 0x00000000fff00000| Complete |  0

Card table byte_map: [0x00000277fd700000,0x00000277fd720000] _byte_map_base: 0x00000277fcf20000

Marking Bits: (CMBitMap*) 0x00000277ff6d5fe0
 Bits: [0x0000027792980000, 0x0000027792a80000)

Polling page: 0x00000277fd1e0000

Metaspace:
Metaspace        used 15909K, committed 16128K, reserved 1114112K
 class space     used 1890K, committed 1984K, reserved 1048576K

Usage:
  Non-class:     13.69 MB used.
      Class:      1.85 MB used.
       Both:     15.54 MB used.

Virtual space:
  Non-class space:       64.00 MB reserved,      13.81 MB ( 22%) committed,  1 nodes.
      Class space:        1.00 GB reserved,       1.94 MB ( <1%) committed,  1 nodes.
             Both:        1.06 GB reserved,      15.75 MB (  1%) committed. 

Chunk freelists:
   Non-Class:  1.85 MB
       Class:  14.03 MB
        Both:  15.87 MB

MaxMetaspaceSize: unlimited
CompressedClassSpaceSize: 1.00 GB
Initial GC threshold: 21.00 MB
Current GC threshold: 21.00 MB
CDS: off
 - commit_granule_bytes: 65536.
 - commit_granule_words: 8192.
 - virtual_space_node_default_size: 8388608.
 - enlarge_chunks_in_place: 1.
UseCompressedClassPointers 1, UseCompactObjectHeaders 0
Narrow klass pointer bits 32, Max shift 3
Narrow klass base: 0x0000000000000000, Narrow klass shift: 0
Encoding Range: [0x0000000000000000 - 0x0000000100000000), (4294967296 bytes)
Klass Range:    [0x000000008e000000 - 0x00000000ce000000), (1073741824 bytes)
Klass ID Range:  [2382364672 - 3456106489) (1073741817)
No protection zone.


Internal statistics:

num_allocs_failed_limit: 0.
num_arena_births: 102.
num_arena_deaths: 0.
num_vsnodes_births: 2.
num_vsnodes_deaths: 0.
num_space_committed: 252.
num_space_uncommitted: 0.
num_chunks_returned_to_freelist: 0.
num_chunks_taken_from_freelist: 292.
num_chunk_merges: 0.
num_chunk_splits: 207.
num_chunks_enlarged: 161.
num_inconsistent_stats: 0.

CodeHeap 'non-profiled nmethods': size=119232Kb used=509Kb max_used=509Kb free=118722Kb
 bounds [0x000002778afc0000, 0x000002778b230000, 0x0000027792430000]
CodeHeap 'profiled nmethods': size=119104Kb used=2544Kb max_used=2544Kb free=116559Kb
 bounds [0x0000027783430000, 0x00000277836b0000, 0x000002778a880000]
CodeHeap 'non-nmethods': size=7424Kb used=2463Kb max_used=3025Kb free=4960Kb
 bounds [0x000002778a880000, 0x000002778ab80000, 0x000002778afc0000]
CodeCache: size=245760Kb, used=5516Kb, max_used=6078Kb, free=240241Kb
 total_blobs=2248, nmethods=1763, adapters=386, full_count=0
Compilation: enabled, stopped_count=0, restarted_count=0

Compilation events (20 events):
Event: 0.857 Thread 0x000002779619f760 1550   !   3       java.util.ImmutableCollections$ListItr::next (34 bytes)
Event: 0.857 Thread 0x0000027795f99eb0 nmethod 1546 0x0000027783662188 code [0x0000027783662280, 0x0000027783662980]
Event: 0.857 Thread 0x000002779619f760 nmethod 1550 0x0000027783662988 code [0x0000027783662a80, 0x0000027783662d50]
Event: 0.857 Thread 0x000002779619ef50 nmethod 1535 0x0000027783662d88 code [0x0000027783662e80, 0x0000027783664d08]
Event: 0.857 Thread 0x0000027795f72130 nmethod 1549 0x000002778b02e588 code [0x000002778b02e680, 0x000002778b02e710]
Event: 0.857 Thread 0x000002779619e740 nmethod 1548 0x0000027783664d88 code [0x0000027783664e80, 0x0000027783666368]
Event: 0.857 Thread 0x000002779619e740 1551       3       sun.reflect.generics.parser.SignatureParser::skipIdentifier (67 bytes)
Event: 0.857 Thread 0x000002779619e740 nmethod 1551 0x0000027783666388 code [0x0000027783666480, 0x00000277836669b8]
Event: 0.858 Thread 0x000002779619e740 1552       3       java.util.ImmutableCollections$List12::<init> (20 bytes)
Event: 0.858 Thread 0x000002779619ef50 1553       3       java.lang.classfile.constantpool.ConstantPoolBuilder::nameAndTypeEntry (21 bytes)
Event: 0.858 Thread 0x000002779619ef50 nmethod 1553 0x0000027783666a08 code [0x0000027783666b00, 0x0000027783666e50]
Event: 0.858 Thread 0x000002779619e740 nmethod 1552 0x0000027783666e88 code [0x0000027783666f80, 0x0000027783667408]
Event: 0.860 Thread 0x000002779619e740 1557       3       java.util.LinkedHashMap::afterNodeInsertion (40 bytes)
Event: 0.860 Thread 0x000002779619e740 nmethod 1557 0x0000027783667488 code [0x0000027783667580, 0x0000027783667750]
Event: 0.860 Thread 0x000002779619e740 1558       3       java.util.BitSet::get (69 bytes)
Event: 1.859 Thread 0x000002779619ef50 1555       3       java.lang.ref.SoftReference::<init> (13 bytes)
Event: 1.859 Thread 0x000002779619e740 nmethod 1558 0x0000027783667788 code [0x0000027783667880, 0x00000277836681e8]
Event: 1.860 Thread 0x0000027795f72130 1559       4       sun.nio.fs.WindowsFileAttributes::<init> (57 bytes)
Event: 1.860 Thread 0x000002779619e740 1560       3       java.lang.PublicMethods$Key::matches (31 bytes)
Event: 1.860 Thread 0x0000027795f99eb0 1561       3       java.lang.Class::reflectionData (43 bytes)

GC Heap Usage History (2 events):
Event: 0.716 {heap Before GC invocations=0 (full 0):
 garbage-first heap   total reserved 65536K, committed 65536K, used 37888K [0x00000000fc000000, 0x0000000100000000)
  region size 1024K, 34 young (34816K), 0 survivors (0K)
}
Event: 0.720 {heap After GC invocations=1 (full 0):
 garbage-first heap   total reserved 65536K, committed 65536K, used 11552K [0x00000000fc000000, 0x0000000100000000)
  region size 1024K, 5 young (5120K), 5 survivors (5120K)
}

Metaspace Usage History (2 events):
Event: 0.716 {metaspace Before GC invocations=0 (full 0):
 Metaspace       used 11986K, committed 12160K, reserved 1114112K
  class space    used 1304K, committed 1408K, reserved 1048576K
}
Event: 0.720 {metaspace After GC invocations=1 (full 0):
 Metaspace       used 11986K, committed 12160K, reserved 1114112K
  class space    used 1304K, committed 1408K, reserved 1048576K
}

Dll operation events (3 events):
Event: 0.019 Loaded shared library C:\Program Files\Android\Android Studio\jbr\bin\java.dll
Event: 0.125 Loaded shared library C:\Program Files\Android\Android Studio\jbr\bin\zip.dll
Event: 0.195 Loaded shared library C:\Program Files\Android\Android Studio\jbr\bin\verify.dll

Deoptimization events (20 events):
Event: 0.800 Thread 0x00000277fd268640 DEOPT PACKING pc=0x000002778b02aa74 sp=0x000000d825ffd5b0
Event: 0.800 Thread 0x00000277fd268640 DEOPT UNPACKING pc=0x000002778a998582 sp=0x000000d825ffd528 mode 2
Event: 0.810 Thread 0x000002779b8c19f0 Uncommon trap: trap_request=0xffffff45 fr.pc=0x000002778b01d4f8 relative=0x0000000000000f78
Event: 0.810 Thread 0x000002779b8c19f0 Uncommon trap: reason=unstable_if action=reinterpret pc=0x000002778b01d4f8 method=java.io.WinNTFileSystem.normalize(Ljava/lang/String;II)Ljava/lang/String; @ 87 c2
Event: 0.810 Thread 0x000002779b8c19f0 DEOPT PACKING pc=0x000002778b01d4f8 sp=0x000000d827bfedc0
Event: 0.810 Thread 0x000002779b8c19f0 DEOPT UNPACKING pc=0x000002778a998582 sp=0x000000d827bfed80 mode 2
Event: 0.810 Thread 0x000002779b8c19f0 Uncommon trap: trap_request=0xffffff45 fr.pc=0x000002778b026fd4 relative=0x00000000000000d4
Event: 0.810 Thread 0x000002779b8c19f0 Uncommon trap: reason=unstable_if action=reinterpret pc=0x000002778b026fd4 method=java.lang.ThreadLocal.get(Ljava/lang/Thread;)Ljava/lang/Object; @ 7 c2
Event: 0.810 Thread 0x000002779b8c19f0 DEOPT PACKING pc=0x000002778b026fd4 sp=0x000000d827bfee20
Event: 0.810 Thread 0x000002779b8c19f0 DEOPT UNPACKING pc=0x000002778a998582 sp=0x000000d827bfece0 mode 2
Event: 0.810 Thread 0x000002779b8c19f0 Uncommon trap: trap_request=0xffffff45 fr.pc=0x000002778b02281c relative=0x000000000000011c
Event: 0.810 Thread 0x000002779b8c19f0 Uncommon trap: reason=unstable_if action=reinterpret pc=0x000002778b02281c method=java.lang.ThreadLocal.get(Ljava/lang/Thread;)Ljava/lang/Object; @ 7 c2
Event: 0.810 Thread 0x000002779b8c19f0 DEOPT PACKING pc=0x000002778b02281c sp=0x000000d827bfdb40
Event: 0.810 Thread 0x000002779b8c19f0 DEOPT UNPACKING pc=0x000002778a998582 sp=0x000000d827bfda78 mode 2
Event: 0.810 Thread 0x000002779b8c19f0 Uncommon trap: trap_request=0xffffff45 fr.pc=0x000002778b01f1b4 relative=0x0000000000000234
Event: 0.810 Thread 0x000002779b8c19f0 Uncommon trap: reason=unstable_if action=reinterpret pc=0x000002778b01f1b4 method=java.lang.ThreadLocal$ThreadLocalMap.getEntry(Ljava/lang/ThreadLocal;)Ljava/lang/ThreadLocal$ThreadLocalMap$Entry; @ 21 c2
Event: 0.810 Thread 0x000002779b8c19f0 DEOPT PACKING pc=0x000002778b01f1b4 sp=0x000000d827bfe6b0
Event: 0.810 Thread 0x000002779b8c19f0 DEOPT UNPACKING pc=0x000002778a998582 sp=0x000000d827bfe420 mode 2
Event: 0.846 Thread 0x00000277fd268640 DEOPT PACKING pc=0x00000277834aa099 sp=0x000000d825ff9c70
Event: 0.846 Thread 0x00000277fd268640 DEOPT UNPACKING pc=0x000002778a8d1702 sp=0x000000d825ff90c0 mode 0

Classes loaded (20 events):
Event: 0.842 Loading class java/util/concurrent/FutureTask done
Event: 0.842 Loading class java/util/concurrent/ScheduledThreadPoolExecutor$ScheduledFutureTask done
Event: 0.842 Loading class java/util/concurrent/FutureTask$WaitNode
Event: 0.842 Loading class java/util/concurrent/FutureTask$WaitNode done
Event: 0.842 Loading class java/util/concurrent/Executors$RunnableAdapter
Event: 0.842 Loading class java/util/concurrent/Executors$RunnableAdapter done
Event: 0.842 Loading class java/util/concurrent/ThreadPoolExecutor$Worker
Event: 0.842 Loading class java/util/concurrent/ThreadPoolExecutor$Worker done
Event: 0.842 Loading class java/util/concurrent/locks/AbstractQueuedSynchronizer$ExclusiveNode
Event: 0.842 Loading class java/util/concurrent/locks/AbstractQueuedSynchronizer$Node
Event: 0.842 Loading class java/util/concurrent/locks/AbstractQueuedSynchronizer$Node done
Event: 0.842 Loading class java/util/concurrent/locks/AbstractQueuedSynchronizer$ExclusiveNode done
Event: 0.842 Loading class java/util/concurrent/locks/AbstractQueuedSynchronizer$ConditionNode
Event: 0.842 Loading class java/util/concurrent/ForkJoinPool$ManagedBlocker
Event: 0.842 Loading class java/util/concurrent/ForkJoinPool$ManagedBlocker done
Event: 0.842 Loading class java/util/concurrent/locks/AbstractQueuedSynchronizer$ConditionNode done
Event: 0.851 Loading class java/lang/Class$AnnotationData
Event: 0.851 Loading class java/lang/Class$AnnotationData done
Event: 0.856 Loading class java/lang/annotation/Documented
Event: 0.856 Loading class java/lang/annotation/Documented done

Classes unloaded (0 events):
No events

Classes redefined (0 events):
No events

Internal exceptions (19 events):
Event: 0.221 Thread 0x00000277fd268640 Exception <a 'sun/nio/fs/WindowsException'{0x00000000ffc1a198}> (0x00000000ffc1a198) 
thrown [s\src\hotspot\share\prims\jni.cpp, line 535]
Event: 0.261 Thread 0x00000277fd268640 Exception <a 'java/lang/NoSuchMethodError'{0x00000000ffaddb00}: 'void java.lang.invoke.DirectMethodHandle$Holder.invokeSpecial(java.lang.Object, java.lang.Object, java.lang.Object)'> (0x00000000ffaddb00) 
thrown [s\src\hotspot\share\interpreter\linkResolver.cpp, line 815]
Event: 0.524 Thread 0x00000277fd268640 Exception <a 'sun/nio/fs/WindowsException'{0x00000000fe871a00}> (0x00000000fe871a00) 
thrown [s\src\hotspot\share\prims\jni.cpp, line 535]
Event: 0.570 Thread 0x00000277fd268640 Exception <a 'java/lang/NoSuchMethodError'{0x00000000fe5148d8}: 'java.lang.Object java.lang.invoke.DirectMethodHandle$Holder.invokeVirtual(java.lang.Object, java.lang.Object, java.lang.Object)'> (0x00000000fe5148d8) 
thrown [s\src\hotspot\share\interpreter\linkResolver.cpp, line 815]
Event: 0.743 Thread 0x00000277fd268640 Exception <a 'sun/nio/fs/WindowsException'{0x00000000ffe6c628}> (0x00000000ffe6c628) 
thrown [s\src\hotspot\share\prims\jni.cpp, line 535]
Event: 0.760 Thread 0x00000277fd268640 Implicit null exception at 0x000002778b023248 to 0x000002778b023504
Event: 0.760 Thread 0x00000277fd268640 Exception <a 'sun/nio/fs/WindowsException'{0x00000000ffd11400}> (0x00000000ffd11400) 
thrown [s\src\hotspot\share\prims\jni.cpp, line 535]
Event: 0.761 Thread 0x00000277fd268640 Exception <a 'sun/nio/fs/WindowsException'{0x00000000ffd14130}> (0x00000000ffd14130) 
thrown [s\src\hotspot\share\prims\jni.cpp, line 535]
Event: 0.761 Thread 0x00000277fd268640 Exception <a 'sun/nio/fs/WindowsException'{0x00000000ffd14990}> (0x00000000ffd14990) 
thrown [s\src\hotspot\share\prims\jni.cpp, line 535]
Event: 0.762 Thread 0x00000277fd268640 Exception <a 'sun/nio/fs/WindowsException'{0x00000000ffd28498}> (0x00000000ffd28498) 
thrown [s\src\hotspot\share\prims\jni.cpp, line 535]
Event: 0.762 Thread 0x00000277fd268640 Exception <a 'sun/nio/fs/WindowsException'{0x00000000ffd2a540}> (0x00000000ffd2a540) 
thrown [s\src\hotspot\share\prims\jni.cpp, line 535]
Event: 0.763 Thread 0x00000277fd268640 Exception <a 'sun/nio/fs/WindowsException'{0x00000000ffd2ada0}> (0x00000000ffd2ada0) 
thrown [s\src\hotspot\share\prims\jni.cpp, line 535]
Event: 0.767 Thread 0x00000277fd268640 Implicit null exception at 0x000002778b022a69 to 0x000002778b022b18
Event: 0.781 Thread 0x00000277fd268640 Exception <a 'sun/nio/fs/WindowsException'{0x00000000ffdf7818}> (0x00000000ffdf7818) 
thrown [s\src\hotspot\share\prims\jni.cpp, line 535]
Event: 0.796 Thread 0x00000277fd268640 Exception <a 'java/lang/NoSuchMethodError'{0x00000000ffc4e288}: 'java.lang.Object java.lang.invoke.Invokers$Holder.invoker(java.lang.Object, java.lang.Object, java.lang.Object)'> (0x00000000ffc4e288) 
thrown [s\src\hotspot\share\interpreter\linkResolver.cpp, line 815]
Event: 0.810 Thread 0x000002779b8c19f0 Implicit null exception at 0x000002778b026f28 to 0x000002778b026fc0
Event: 0.810 Thread 0x000002779b8c19f0 Implicit null exception at 0x000002778b022758 to 0x000002778b022804
Event: 0.810 Thread 0x00000277fd268640 Exception <a 'sun/nio/fs/WindowsException'{0x00000000ffced3e8}> (0x00000000ffced3e8) 
thrown [s\src\hotspot\share\prims\jni.cpp, line 535]
Event: 0.810 Thread 0x000002779b8c19f0 Implicit null exception at 0x000002778b01efce to 0x000002778b01f198

VM Operations (16 events):
Event: 0.193 Executing non-safepoint VM operation: HandshakeAllThreads (Deoptimize)
Event: 0.193 Executing non-safepoint VM operation: HandshakeAllThreads (Deoptimize) done
Event: 0.572 Executing non-safepoint VM operation: HandshakeAllThreads (Deoptimize)
Event: 0.572 Executing non-safepoint VM operation: HandshakeAllThreads (Deoptimize) done
Event: 0.716 Executing safepoint VM operation: G1CollectForAllocation (G1 Evacuation Pause)
Event: 0.720 Executing safepoint VM operation: G1CollectForAllocation (G1 Evacuation Pause) done
Event: 0.732 Executing non-safepoint VM operation: HandshakeAllThreads (Deoptimize)
Event: 0.732 Executing non-safepoint VM operation: HandshakeAllThreads (Deoptimize) done
Event: 0.736 Executing non-safepoint VM operation: HandshakeAllThreads (Deoptimize)
Event: 0.736 Executing non-safepoint VM operation: HandshakeAllThreads (Deoptimize) done
Event: 0.736 Executing non-safepoint VM operation: HandshakeAllThreads (Deoptimize)
Event: 0.736 Executing non-safepoint VM operation: HandshakeAllThreads (Deoptimize) done
Event: 0.797 Executing non-safepoint VM operation: HandshakeAllThreads (Deoptimize)
Event: 0.797 Executing non-safepoint VM operation: HandshakeAllThreads (Deoptimize) done
Event: 0.810 Executing non-safepoint VM operation: HandshakeAllThreads (Deoptimize)
Event: 0.810 Executing non-safepoint VM operation: HandshakeAllThreads (Deoptimize) done

Memory protections (0 events):
No events

Nmethod flushes (0 events):
No events

Events (20 events):
Event: 0.159 Thread 0x00000277fd268640 Thread added: 0x0000027795f67f10
Event: 0.159 Thread 0x00000277fd268640 Thread added: 0x0000027795f73410
Event: 0.159 Thread 0x00000277fd268640 Thread added: 0x0000027795f72130
Event: 0.159 Thread 0x00000277fd268640 Thread added: 0x0000027795f99eb0
Event: 0.166 Thread 0x0000027795f99eb0 Thread added: 0x000002779619e740
Event: 0.173 Thread 0x00000277fd268640 Thread added: 0x0000027796284da0
Event: 0.179 Loaded shared library C:\Program Files\Android\Android Studio\jbr\bin\net.dll
Event: 0.183 Loaded shared library C:\Program Files\Android\Android Studio\jbr\bin\nio.dll
Event: 0.191 Loaded shared library C:\Program Files\Android\Android Studio\jbr\bin\zip.dll
Event: 0.252 Thread 0x0000027795f72130 Thread added: 0x000002779619ef50
Event: 0.252 Thread 0x0000027795f72130 Thread added: 0x000002779619f760
Event: 0.386 Thread 0x0000027795f99eb0 Thread added: 0x00000277961a0f90
Event: 0.397 Loaded shared library C:\Program Files\Android\Android Studio\jbr\bin\jimage.dll
Event: 0.746 Loaded shared library C:\Program Files\Android\Android Studio\jbr\bin\management.dll
Event: 0.749 Loaded shared library C:\Program Files\Android\Android Studio\jbr\bin\management_ext.dll
Event: 0.788 Loaded shared library C:\Users\--\.gradle\native\660c5614fbf4a5f2a75b1949f50a0caf5cd603558e7d8a26e50b933a0cfb79d1\windows-amd64\native-platform.dll
Event: 0.810 Thread 0x00000277fd268640 Thread added: 0x000002779b8c19f0
Event: 0.813 Loaded shared library C:\Users\--\.gradle\native\jansi\2.4.2\Windows\x86_64\jansi.dll
Event: 0.842 Thread 0x00000277fd268640 Thread added: 0x000002779b7779c0
Event: 1.860 Thread 0x000002779619f760 Thread exited: 0x000002779619f760


Dynamic libraries:
0x00007ff759c20000 - 0x00007ff759c2a000 	C:\Program Files\Android\Android Studio\jbr\bin\java.exe
0x00007ffa45d80000 - 0x00007ffa45fe6000 	C:\WINDOWS\SYSTEM32\ntdll.dll
0x00007ffa44cf0000 - 0x00007ffa44db9000 	C:\WINDOWS\System32\KERNEL32.DLL
0x00007ffa43260000 - 0x00007ffa4365f000 	C:\WINDOWS\System32\KERNELBASE.dll
0x00007ffa3f0e0000 - 0x00007ffa3f17f000 	C:\WINDOWS\SYSTEM32\apphelp.dll
0x00007ffa43860000 - 0x00007ffa439ac000 	C:\WINDOWS\System32\ucrtbase.dll
0x00007ff9e4cf0000 - 0x00007ff9e4d06000 	C:\Program Files\Android\Android Studio\jbr\bin\jli.dll
0x00007ff9e4d10000 - 0x00007ff9e4d2b000 	C:\Program Files\Android\Android Studio\jbr\bin\VCRUNTIME140.dll
0x00007ffa43be0000 - 0x00007ffa43da6000 	C:\WINDOWS\System32\USER32.dll
0x00007ffa43a80000 - 0x00007ffa43aa7000 	C:\WINDOWS\System32\win32u.dll
0x00007ffa44e30000 - 0x00007ffa44e5b000 	C:\WINDOWS\System32\GDI32.dll
0x00007ffa43730000 - 0x00007ffa43859000 	C:\WINDOWS\System32\gdi32full.dll
0x00007ffa431b0000 - 0x00007ffa43253000 	C:\WINDOWS\System32\msvcp_win.dll
0x00007ffa27a60000 - 0x00007ffa27cf1000 	C:\WINDOWS\WinSxS\amd64_microsoft.windows.common-controls_6595b64144ccf1df_6.0.26100.8972_none_3e0da176e32f9d4b\COMCTL32.dll
0x00007ffa449e0000 - 0x00007ffa44a89000 	C:\WINDOWS\System32\msvcrt.dll
0x00007ffa44e60000 - 0x00007ffa44e92000 	C:\WINDOWS\System32\IMM32.DLL
0x00007ffa23ad0000 - 0x00007ffa23adc000 	C:\Program Files\Android\Android Studio\jbr\bin\vcruntime140_1.dll
0x00007ff9e1030000 - 0x00007ff9e10bd000 	C:\Program Files\Android\Android Studio\jbr\bin\msvcp140.dll
0x00007ff9c5a70000 - 0x00007ff9c694a000 	C:\Program Files\Android\Android Studio\jbr\bin\server\jvm.dll
0x00007ffa44240000 - 0x00007ffa442fc000 	C:\WINDOWS\System32\ADVAPI32.dll
0x00007ffa43b30000 - 0x00007ffa43bda000 	C:\WINDOWS\System32\sechost.dll
0x00007ffa44310000 - 0x00007ffa44428000 	C:\WINDOWS\System32\RPCRT4.dll
0x00007ffa44950000 - 0x00007ffa449d2000 	C:\WINDOWS\System32\WS2_32.dll
0x00007ffa42df0000 - 0x00007ffa42e4e000 	C:\WINDOWS\SYSTEM32\POWRPROF.dll
0x00007ffa3a980000 - 0x00007ffa3a9b6000 	C:\WINDOWS\SYSTEM32\WINMM.dll
0x00007ffa3a200000 - 0x00007ffa3a20b000 	C:\WINDOWS\SYSTEM32\VERSION.dll
0x00007ffa42dd0000 - 0x00007ffa42de5000 	C:\WINDOWS\SYSTEM32\UMPDC.dll
0x00007ffa41c40000 - 0x00007ffa41c5b000 	C:\WINDOWS\SYSTEM32\kernel.appcore.dll
0x00007ffa1e1c0000 - 0x00007ffa1e1ca000 	C:\Program Files\Android\Android Studio\jbr\bin\jimage.dll
0x00007ffa40430000 - 0x00007ffa40672000 	C:\WINDOWS\SYSTEM32\DBGHELP.DLL
0x00007ffa445a0000 - 0x00007ffa44925000 	C:\WINDOWS\System32\combase.dll
0x00007ffa45b30000 - 0x00007ffa45c09000 	C:\WINDOWS\System32\OLEAUT32.dll
0x00007ffa2fe60000 - 0x00007ffa2fe9b000 	C:\WINDOWS\SYSTEM32\dbgcore.DLL
0x00007ffa43670000 - 0x00007ffa4371c000 	C:\WINDOWS\System32\bcryptPrimitives.dll
0x00007ff9e4110000 - 0x00007ff9e412f000 	C:\Program Files\Android\Android Studio\jbr\bin\java.dll
0x00007ffa44aa0000 - 0x00007ffa44c39000 	C:\WINDOWS\System32\ole32.dll
0x00007ffa451d0000 - 0x00007ffa45958000 	C:\WINDOWS\System32\SHELL32.dll
0x00007ff9e40f0000 - 0x00007ff9e4107000 	C:\Program Files\Android\Android Studio\jbr\bin\zip.dll
0x00007ffa40a00000 - 0x00007ffa4129b000 	C:\WINDOWS\SYSTEM32\windows.storage.dll
0x00007ffa45c40000 - 0x00007ffa45d39000 	C:\WINDOWS\System32\SHCORE.dll
0x00007ffa44430000 - 0x00007ffa44496000 	C:\WINDOWS\System32\shlwapi.dll
0x00007ffa42eb0000 - 0x00007ffa42ed9000 	C:\WINDOWS\SYSTEM32\profapi.dll
0x00007ffa1de70000 - 0x00007ffa1de80000 	C:\Program Files\Android\Android Studio\jbr\bin\net.dll
0x00007ffa421d0000 - 0x00007ffa4223c000 	C:\WINDOWS\system32\mswsock.dll
0x00007ff9e40d0000 - 0x00007ff9e40e6000 	C:\Program Files\Android\Android Studio\jbr\bin\nio.dll
0x00007ffa149b0000 - 0x00007ffa149c0000 	C:\Program Files\Android\Android Studio\jbr\bin\verify.dll
0x00007ffa1a970000 - 0x00007ffa1a979000 	C:\Program Files\Android\Android Studio\jbr\bin\management.dll
0x00007ffa19c80000 - 0x00007ffa19c8b000 	C:\Program Files\Android\Android Studio\jbr\bin\management_ext.dll
0x00007ffa45960000 - 0x00007ffa45968000 	C:\WINDOWS\System32\PSAPI.DLL
0x00007ffa06130000 - 0x00007ffa06157000 	C:\Users\--\.gradle\native\660c5614fbf4a5f2a75b1949f50a0caf5cd603558e7d8a26e50b933a0cfb79d1\windows-amd64\native-platform.dll
0x00007ffa06100000 - 0x00007ffa06124000 	C:\Users\--\.gradle\native\jansi\2.4.2\Windows\x86_64\jansi.dll
0x00007ffa416a0000 - 0x00007ffa416d3000 	C:\WINDOWS\SYSTEM32\IPHLPAPI.DLL
0x00007ffa44dc0000 - 0x00007ffa44dca000 	C:\WINDOWS\System32\NSI.dll

JVMTI agents: none

dbghelp: loaded successfully - version: 4.0.5 - missing functions: none
symbol engine: initialized successfully - sym options: 0x614 - pdb path: .;C:\Program Files\Android\Android Studio\jbr\bin;C:\WINDOWS\SYSTEM32;C:\WINDOWS\WinSxS\amd64_microsoft.windows.common-controls_6595b64144ccf1df_6.0.26100.8972_none_3e0da176e32f9d4b;C:\Program Files\Android\Android Studio\jbr\bin\server;C:\Users\--\.gradle\native\660c5614fbf4a5f2a75b1949f50a0caf5cd603558e7d8a26e50b933a0cfb79d1\windows-amd64;C:\Users\--\.gradle\native\jansi\2.4.2\Windows\x86_64

VM Arguments:
jvm_args: -Xmx64m -Xms64m -Dorg.gradle.appname=gradlew 
java_command: org.gradle.wrapper.GradleWrapperMain --stop
java_class_path (initial): C:\repos\NoNo\replica-app\\gradle\wrapper\gradle-wrapper.jar
Launcher Type: SUN_STANDARD

[Global flags]
     intx CICompilerCount                          = 12                                        {product} {ergonomic}
     uint ConcGCThreads                            = 5                                         {product} {ergonomic}
     uint G1ConcRefinementThreads                  = 18                                        {product} {ergonomic}
   size_t G1HeapRegionSize                         = 1048576                                   {product} {ergonomic}
   size_t InitialHeapSize                          = 67108864                                  {product} {command line}
   size_t MarkStackSize                            = 4194304                                   {product} {ergonomic}
   size_t MarkStackSizeMax                         = 536870912                                 {product} {ergonomic}
   size_t MaxHeapSize                              = 67108864                                  {product} {command line}
   size_t MaxNewSize                               = 39845888                                  {product} {ergonomic}
   size_t MinHeapDeltaBytes                        = 1048576                                   {product} {ergonomic}
   size_t MinHeapSize                              = 67108864                                  {product} {command line}
    uintx NonNMethodCodeHeapSize                   = 7602176                                {pd product} {ergonomic}
    uintx NonProfiledCodeHeapSize                  = 122093568                              {pd product} {ergonomic}
    uintx ProfiledCodeHeapSize                     = 121962496                              {pd product} {ergonomic}
    uintx ReservedCodeCacheSize                    = 251658240                              {pd product} {ergonomic}
     bool SegmentedCodeCache                       = true                                      {product} {ergonomic}
   size_t SoftMaxHeapSize                          = 67108864                               {manageable} {ergonomic}
     bool UseCompressedOops                        = true                           {product lp64_product} {ergonomic}
     bool UseG1GC                                  = true                                      {product} {ergonomic}
     bool UseLargePagesIndividualAllocation        = false                                  {pd product} {ergonomic}

Logging:
Log output configuration:
 #0: stdout all=warning uptime,level,tags foldmultilines=false
 #1: stderr all=off uptime,level,tags foldmultilines=false

Release file:
JAVA_VERSION="25.0.2" 
MODULES="java.base java.compiler java.datatransfer java.xml java.prefs java.desktop java.instrument java.logging java.management java.security.sasl java.naming java.rmi java.management.rmi java.net.http java.scripting java.security.jgss java.transaction.xa java.sql java.sql.rowset java.xml.crypto java.se java.smartcardio jdk.accessibility jdk.internal.jvmstat jdk.attach jdk.charsets jdk.internal.opt jdk.zipfs jdk.compiler jdk.crypto.cryptoki jdk.crypto.ec jdk.dynalink jdk.hotspot.agent jdk.httpserver jdk.internal.ed jdk.internal.le jdk.internal.md jdk.internal.vm.ci jdk.jartool jdk.javadoc jdk.jcmd jdk.jdeps jdk.jdwp.agent jdk.jdi jdk.jfr jdk.jlink jdk.localedata jdk.management jdk.management.agent jdk.management.jfr jdk.naming.dns jdk.naming.rmi jdk.net jdk.sctp jdk.security.auth jdk.security.jgss jdk.unsupported jdk.unsupported.desktop jdk.xml.dom" 
IMPLEMENTOR="JetBrains s.r.o." 
JAVA_RUNTIME_VERSION="25.0.2+-15348964-b329.117" 
LIBC="default" 
OS_ARCH="x86_64" 
OS_NAME="Windows" 
SOURCE=".:git:3cf398e84a39" 

Environment Variables:
JAVA_HOME=C:\Program Files\Android\Android Studio\jbr
CLASSPATH=C:\repos\NoNo\replica-app\\gradle\wrapper\gradle-wrapper.jar
PATH=C:\Program Files\WindowsApps\Microsoft.PowerShell_7.6.5.0_x64__8wekyb3d8bbwe;C:\Program Files\Eclipse Adoptium\jdk-21.0.12.8-hotspot\bin;C:\Program Files\ImageMagick-7.1.2-Q16-HDRI;C:\WINDOWS\system32;C:\WINDOWS;C:\WINDOWS\System32\Wbem;C:\WINDOWS\System32\WindowsPowerShell\v1.0\;C:\WINDOWS\System32\OpenSSH\;C:\Program Files\Microsoft VS Code\bin;C:\Program Files\dotnet\;C:\Program Files\nodejs\;C:\Program Files\Git\cmd;C:\Program Files (x86)\NVIDIA Corporation\PhysX\Common;C:\Program Files\GitHub CLI\;C:\Program Files\CMake\bin;C:\Program Files\Gpg4win\..\GnuPG\bin;C:\Program Files\Docker\Docker\resources\bin;C:\Program Files\gs\gs10.07.1\bin;C:\Program Files (x86)\cloudflared\;C:\Program Files\Microsoft SQL Server\Client SDK\ODBC\170\Tools\Binn\;C:\Program Files (x86)\Microsoft SQL Server\150\Tools\Binn\;C:\Program Files\Microsoft SQL Server\150\Tools\Binn\;C:\Program Files\Microsoft SQL Server\150\DTS\Binn\
USERNAME=--
OS=Windows_NT
PROCESSOR_IDENTIFIER=Intel64 Family 6 Model 198 Stepping 2, GenuineIntel
TMP=C:\Users\--\AppData\Local\Temp
TEMP=C:\Users\--\AppData\Local\Temp




Compilation memory statistics disabled.

Periodic native trim disabled

JNI global refs:
JNI global refs: 24, weak refs: 0

JNI global refs memory usage: 835, weak refs: 833

Process memory usage:
Resident Set Size: 117760K (0% of 33245948K total physical memory with 476200K free physical memory)

OOME stack traces (most recent first):
Classloader memory used:
Loader bootstrap                                                                       : 12346 K
Loader org.gradle.internal.classloader.VisitableURLClassLoader                         : 3461 K
Loader java.net.URLClassLoader                                                         : 185 K
Loader jdk.internal.loader.ClassLoaders$AppClassLoader                                 : 97816 B

Classes loaded by more than one classloader:
Class org.gradle.cli.CommandLineParser                                                : loaded 2 times (x 81B)
Class org.gradle.internal.service.UnknownServiceException                             : loaded 2 times (x 85B)
Class org.gradle.cli.CommandLineArgumentException                                     : loaded 2 times (x 84B)
Class org.gradle.cli.CommandLineParser$KnownOptionParserState                         : loaded 2 times (x 78B)
Class org.gradle.cli.CommandLineParser$OptionAwareParserState                         : loaded 2 times (x 79B)
Class org.gradle.cli.ParsedCommandLine                                                : loaded 2 times (x 82B)
Class org.gradle.cli.CommandLineParser$UnknownOptionParserState                       : loaded 2 times (x 78B)
Class org.gradle.cli.ParsedCommandLineOption                                          : loaded 2 times (x 78B)
Class org.gradle.internal.installation.GradleInstallation$1                           : loaded 2 times (x 77B)
Class org.gradle.cli.CommandLineOption                                                : loaded 2 times (x 90B)
Class org.gradle.cli.CommandLineParser$BeforeFirstSubCommand                          : loaded 2 times (x 79B)
Class org.gradle.internal.service.ServiceLookupException                              : loaded 2 times (x 84B)
Class org.gradle.cli.CommandLineParser$OptionParserState                              : loaded 2 times (x 77B)
Class org.gradle.internal.classloader.ClasspathUtil                                   : loaded 2 times (x 73B)
Class org.gradle.api.specs.Spec                                                       : loaded 2 times (x 72B)
Class org.gradle.wrapper.GradleUserHomeLookup                                         : loaded 2 times (x 73B)
Class org.gradle.internal.Cast                                                        : loaded 2 times (x 73B)
Class org.gradle.api.Action                                                           : loaded 2 times (x 72B)
Class org.gradle.api.GradleException                                                  : loaded 2 times (x 84B)
Class org.gradle.internal.IoActions                                                   : loaded 2 times (x 73B)
Class org.gradle.cli.CommandLineParser$ParserState                                    : loaded 2 times (x 78B)
Class org.gradle.cli.CommandLineParser$OptionString                                   : loaded 2 times (x 75B)
Class org.gradle.internal.installation.CurrentGradleInstallationLocator               : loaded 2 times (x 73B)
Class org.gradle.internal.installation.CurrentGradleInstallation                      : loaded 2 times (x 75B)
Class org.gradle.cli.CommandLineParser$AfterOptions                                   : loaded 2 times (x 79B)
Class org.gradle.internal.installation.GradleInstallation                             : loaded 2 times (x 77B)

---------------  S Y S T E M  ---------------

OS:
 Windows 11 , 64 bit Build 26100 (10.0.26100.9168)
OS uptime: 7 days 5:35 hours
Hyper-V role detected

CPU: total 24 (initial active 24) (24 cores per cpu, 1 threads per core) family 6 model 198 stepping 2 microcode 0x122, cx8, cmov, fxsr, mmx, 3dnowpref, sse, sse2, sse3, ssse3, sse4.1, sse4.2, popcnt, lzcnt, tsc, tscinvbit, avx, avx2, aes, erms, clmul, bmi1, bmi2, adx, sha, fma, vzeroupper, clflush, clflushopt, clwb, hv, serialize, rdtscp, rdpid, fsrm, gfni, f16c, cet_ibt, cet_ss, avx_ifma, sha512
Processor Information for processor 0
  Max Mhz: 2500, Current Mhz: 2500, Mhz Limit: 2500
Processor Information for processor 1
  Max Mhz: 2500, Current Mhz: 2500, Mhz Limit: 2500
Processor Information for processor 2
  Max Mhz: 1900, Current Mhz: 1900, Mhz Limit: 1900
Processor Information for processor 3
  Max Mhz: 1900, Current Mhz: 1900, Mhz Limit: 1900
Processor Information for processor 4
  Max Mhz: 1900, Current Mhz: 1900, Mhz Limit: 1900
Processor Information for processor 5
  Max Mhz: 1900, Current Mhz: 1900, Mhz Limit: 1900
Processor Information for processor 6
  Max Mhz: 1900, Current Mhz: 1900, Mhz Limit: 1900
Processor Information for processor 7
  Max Mhz: 1900, Current Mhz: 1900, Mhz Limit: 1900
Processor Information for processor 8
  Max Mhz: 1900, Current Mhz: 1900, Mhz Limit: 1900
Processor Information for processor 9
  Max Mhz: 1900, Current Mhz: 1900, Mhz Limit: 1900
Processor Information for processor 10
  Max Mhz: 2500, Current Mhz: 2500, Mhz Limit: 2500
Processor Information for processor 11
  Max Mhz: 2500, Current Mhz: 2500, Mhz Limit: 2500
Processor Information for processor 12
  Max Mhz: 2500, Current Mhz: 2500, Mhz Limit: 2500
Processor Information for processor 13
  Max Mhz: 2500, Current Mhz: 2500, Mhz Limit: 2500
Processor Information for processor 14
  Max Mhz: 1900, Current Mhz: 1900, Mhz Limit: 1900
Processor Information for processor 15
  Max Mhz: 1900, Current Mhz: 1900, Mhz Limit: 1900
Processor Information for processor 16
  Max Mhz: 1900, Current Mhz: 1900, Mhz Limit: 1900
Processor Information for processor 17
  Max Mhz: 1900, Current Mhz: 1900, Mhz Limit: 1900
Processor Information for processor 18
  Max Mhz: 1900, Current Mhz: 1900, Mhz Limit: 1900
Processor Information for processor 19
  Max Mhz: 1900, Current Mhz: 1900, Mhz Limit: 1900
Processor Information for processor 20
  Max Mhz: 1900, Current Mhz: 1900, Mhz Limit: 1900
Processor Information for processor 21
  Max Mhz: 1900, Current Mhz: 1900, Mhz Limit: 1900
Processor Information for processor 22
  Max Mhz: 2500, Current Mhz: 2500, Mhz Limit: 2500
Processor Information for processor 23
  Max Mhz: 2500, Current Mhz: 2500, Mhz Limit: 2500

Memory: 4k page, system-wide physical 32466M (465M free)
TotalPageFile size 130770M (AvailPageFile size 40M)
current process WorkingSet (physical memory assigned to process): 115M, peak: 115M
current process commit charge ("private bytes"): 189M, peak: 190M

vm_info: OpenJDK 64-Bit Server VM (25.0.2+-15348964-b329.117) for windows-amd64 JRE (25.0.2+-15348964-b329.117), built on 2026-05-05T18:25:19Z with MS VC++ 16.10 / 16.11 (VS2019)

END.
